--- LangChain Gemini Test ---
node : FAILED: LangChain 
Gemini error: 
[GoogleGenerativeAI Error]: 
Error fetching from https://
generativelanguage.googleapi
s.com/v1beta/models/gemini-1
.5-flash-latest:generateCont
ent: [404 Not Found] models/
gemini-1.5-flash-latest is 
not found for API version 
v1beta, or is not supported 
for generateContent. Call 
ListModels to see the list 
of available models and 
their supported methods.
At line:1 char:1
+ node test-keys.js > 
test_output.txt 2>&1; type 
test_output.txt
+ ~~~~~~~~~~~~~~~~~~~~~~~~~~
~~~~~~~~~~~~~~
    + CategoryInfo          
    : NotSpecified: (FAILE  
  D: LangCha...ported met   
 hods.:String) [], Remot    
eException
    + FullyQualifiedErrorId 
    : NativeCommandError
 
TIP: Try changing the model name to "gemini-pro" or check your API key permissions.
